// Jest Snapshot v1, https://goo.gl/fbAQLP

exports[`should render Landing Page component 1`] = `ShallowWrapper {}`;
